// Jest Snapshot v1, https://goo.gl/fbAQLP

exports[`LoginPage component Matches the snapshot 1`] = `
<div
  id="loginPage"
>
  <LoginTemplate
    content={<Login />}
  />
</div>
`;
