// Jest Snapshot v1, https://goo.gl/fbAQLP

exports[`HeaderElement component Matches the snapshot 1`] = `
<WithStyles(ForwardRef(Typography))
  className="makeStyles-styleHeaderElement-1"
  id="headerElement"
  variant="h4"
/>
`;
