// Jest Snapshot v1, https://goo.gl/fbAQLP

exports[` HomeMainContent component Matches the snapshot 1`] = `[Function]`;
