// Jest Snapshot v1, https://goo.gl/fbAQLP

exports[`Login component Matches the snapshot 1`] = `<Login />`;
